// Jest Snapshot v1, https://goo.gl/fbAQLP

exports[`Text Test 1`] = `
<div>
  <p
    class="sxqxpj2 sxqxpj29n3hc--level-normal sxqxpj2h4u4f--weight-normal sxqxpj2vy5j2--color-text sxqxpj20o7ux--align-left sxqxpj2p1cgo--spacing-small"
    data-testid="text"
  >
    Hello
  </p>
</div>
`;
