// Jest Snapshot v1, https://goo.gl/fbAQLP

exports[`MessageBox Test 1`] = `
<div>
  <div
    class="sxeg1y8 sxeg1y880y8k--type-info"
    data-testid="messageBox"
  >
    <p
      class="sxqxpj2 sxqxpj259c0g--level-info sxqxpj2h4u4f--weight-normal sxqxpj2vy5j2--color-text sxqxpj20o7ux--align-left sxqxpj2zvy3i--spacing-none"
      data-testid="text"
    >
      Hello
    </p>
  </div>
</div>
`;
