// Jest Snapshot v1, https://goo.gl/fbAQLP

exports[`Link Test 1`] = `
<div>
  <a
    class="sxsuc63 sxsuc63gdaj6--type-primary"
    data-testid="link"
  >
    Hello
  </a>
</div>
`;
